Command "start" is deprecated, ClusterTasks are deprecated, this command will be removed in future releases.
apiVersion: tekton.dev/v1beta1
kind: TaskRun
metadata:
  creationTimestamp: null
  generateName: taskrun-123-
  labels:
    key: value
spec:
  params:
  - name: myarg
    value: value
  - name: print
    value:
    - booms
    - booms
    - booms
  serviceAccountName: svc1
  taskRef:
    kind: ClusterTask
    name: clustertask-1
  workspaces:
  - emptyDir: {}
    name: test
status:
  podName: ""
