{
	"kind": "TaskRun",
	"apiVersion": "tekton.dev/v1alpha1",
	"metadata": {
		"generateName": "clustertask-2-run-",
		"creationTimestamp": null,
		"labels": {
			"key": "value"
		}
	},
	"spec": {
		"serviceAccountName": "svc1",
		"taskRef": {
			"name": "clustertask-2",
			"kind": "ClusterTask"
		},
		"inputs": {
			"resources": [
				{
					"name": "my-repo",
					"resourceRef": {
						"name": "git"
					}
				}
			]
		},
		"outputs": {
			"resources": [
				{
					"name": "code-image",
					"resourceRef": {
						"name": "output-image"
					}
				}
			]
		}
	},
	"status": {
		"podName": ""
	}
}
