Command "describe" is deprecated, ClusterTasks are deprecated, this command will be removed in future releases.
Name:   clustertask-full

Params

 NAME    TYPE     DESCRIPTION            DEFAULT VALUE
 myarg   string   param type is string   default
 print   array    param type is array    [booms booms booms]

Steps

 hello
 exit

Taskruns

NAME        STARTED          DURATION   STATUS
taskrun-1   10 minutes ago   27m0s      Succeeded
taskrun-3   12 minutes ago   ---        Running

