Command "list" is deprecated, ClusterTasks are deprecated, this command will be removed in future releases.
NAME        DESCRIPTION              AGE
apple       a clustertask to te...   3 weeks ago
avocados                             20 seconds ago
guavas                               1 minute ago
mango                                3 weeks ago
pineapple   a test clustertask       3 weeks ago
