Command "describe" is deprecated, ClusterTasks are deprecated, this command will be removed in future releases.
Name:          clustertask-one-everything
Description:   a test description

Params

 NAME    TYPE     DESCRIPTION   DEFAULT VALUE
 myarg   string                 ---

Steps

 hello

Taskruns

NAME        STARTED          DURATION   STATUS
taskrun-2   10 minutes ago   27m0s      Succeeded

