Command "start" is deprecated, ClusterTasks are deprecated, this command will be removed in future releases.
apiVersion: tekton.dev/v1beta1
kind: TaskRun
metadata:
  creationTimestamp: null
  generateName: clustertask-2-run-
  labels:
    key: value
spec:
  params:
  - name: myarg
    value: value1
  - name: print
    value:
    - boom
  podTemplate:
    schedulerName: SchedulerName
    securityContext:
      runAsNonRoot: true
      runAsUser: 1001
  serviceAccountName: svc1
  taskRef:
    kind: ClusterTask
    name: clustertask-2
status:
  podName: ""
