Command "start" is deprecated, ClusterTasks are deprecated, this command will be removed in future releases.
Flag --inputresource has been deprecated, pipelineresources have been deprecated, this flag will be removed soon
Flag --outputresource has been deprecated, pipelineresources have been deprecated, this flag will be removed soon
apiVersion: tekton.dev/v1beta1
kind: TaskRun
metadata:
  creationTimestamp: null
  generateName: clustertask-2-run-
  labels:
    key: value
spec:
  params:
  - name: myarg
    value: value1
  resources:
    inputs:
    - name: my-repo
      resourceRef:
        name: git
    outputs:
    - name: code-image
      resourceRef:
        name: output-image
  serviceAccountName: svc1
  taskRef:
    kind: ClusterTask
    name: clustertask-2
status:
  podName: ""
