Name:          clustertask-one-everything
Description:   a test description

Input Resources

 NAME      TYPE
 my-repo   git

Output Resources

 NAME         TYPE
 code-image   image

Params

 NAME    TYPE     DESCRIPTION   DEFAULT VALUE
 myarg   string                 ---

Steps

 hello

Taskruns

NAME        STARTED          DURATION   STATUS
taskrun-2   10 minutes ago   27m0s      Succeeded

