Name:          task-1
Namespace:     ns
Description:   a test description

Input Resources

 NAME          TYPE
 my-repo       git
 source-repo   git
 my-image      image

Output Resources

 NAME               TYPE
 artifact-image   image
 code-image       image

Params

 NAME      TYPE     DEFAULT VALUE
 myarg     string   ---
 myarray   array    ---
 print     string   somethingdifferent
 output    array    [booms booms booms]

Steps

 hello
 exit

Taskruns

NAME   STARTED          DURATION    STATUS
tr-1   20 minutes ago   5 minutes   Failed
tr-2   10 minutes ago   7 minutes   Succeeded


Results

 No results
