apiVersion: tekton.dev/v1beta1
kind: TaskRun
metadata:
  creationTimestamp: null
  generateName: test-task-run-
  namespace: ns
spec:
  params:
  - name: pathToContext
    value: /context
  - name: pathToDockerFile
    value: /path
  serviceAccountName: svc1
  taskSpec:
    params:
    - default: /workspace/docker-source/Dockerfile
      description: The path to the dockerfile to build
      name: pathToDockerFile
      type: string
    - default: /workspace/docker-source
      description: The build context used by Kaniko (https://github.com/GoogleContainerTools/kaniko#kaniko-build-contexts)
      name: pathToContext
      type: string
    steps:
    - args:
      - --dockerfile=$(inputs.params.pathToDockerFile)
      - --destination=$(outputs.resources.builtImage.url)
      - --context=$(inputs.params.pathToContext)
      command:
      - /kaniko/executor
      env:
      - name: DOCKER_CONFIG
        value: /tekton/home/.docker/
      image: gcr.io/kaniko-project/executor:v0.14.0
      name: build-and-push
      resources: {}
status:
  podName: ""
