NAMESPACE       NAME       DESCRIPTION              AGE
espace-de-nom   bananes                             3 weeks ago
espace-de-nom   mangues                             20 seconds ago
espace-de-nom   oignons    a test task to test...   3 weeks ago
espace-de-nom   patates    a test task              3 weeks ago
espace-de-nom   pommes                              3 weeks ago
espace-de-nom   tomates                             1 minute ago
namespace       apples                              3 weeks ago
namespace       bananas                             3 weeks ago
namespace       mangoes                             20 seconds ago
namespace       onions     a test task to test...   3 weeks ago
namespace       potatoes   a test task              3 weeks ago
namespace       tomatoes                            1 minute ago
