{
	"kind": "TaskRun",
	"apiVersion": "tekton.dev/v1beta1",
	"metadata": {
		"generateName": "task-1-run-",
		"namespace": "ns",
		"creationTimestamp": null
	},
	"spec": {
		"params": [
			{
				"name": "myarg",
				"value": "arg"
			},
			{
				"name": "task-param",
				"value": "arg"
			}
		],
		"resources": {
			"inputs": [
				{
					"name": "my-repo",
					"resourceRef": {
						"name": "git-repo"
					}
				}
			],
			"outputs": [
				{
					"name": "code-image",
					"resourceRef": {
						"name": "output-image"
					}
				}
			]
		},
		"serviceAccountName": "svc1",
		"taskRef": {
			"name": "task-1"
		}
	},
	"status": {
		"podName": ""
	}
}
