tomatoes                            ---   1 minute ago
mangoes                             ---   20 seconds ago
bananas                             ---   3 weeks ago
apples                              ---   3 weeks ago
potatoes   a test task              ---   3 weeks ago
onions     a test task to test...   ---   3 weeks ago
kiwis                               0.1   1 minute ago
