Name:        task-1
Namespace:   ns

Input Resources

 No input resources

Output Resources

 No output resources

Params

 NAME      TYPE     DESCRIPTION              DEFAULT VALUE
 myarg     string   params without the ...   ---
 myprint   string   testing very long d...   ---
 myarray   array                             ---

Results

 No results

Steps

 No steps

Taskruns

 No taskruns
