NAME       DESCRIPTION              AGE
apples                              3 weeks ago
bananas                             3 weeks ago
mangoes                             20 seconds ago
onionss    a test task to test...   3 weeks ago
potatoes   a test task              3 weeks ago
tomatoes                            1 minute ago
