apiVersion: tekton.dev/v1beta1
kind: TaskRun
metadata:
  creationTimestamp: null
  generateName: task-1-run-
  namespace: ns
spec:
  params:
  - name: myarg
    value: arg
  podTemplate:
    ImagePullSecrets: null
    hostNetwork: false
    schedulerName: SchedulerName
    securityContext:
      runAsNonRoot: true
      runAsUser: 1001
  resources:
    inputs:
    - name: my-repo
      resourceRef:
        name: git-repo
    outputs:
    - name: code-image
      resourceRef:
        name: output-image
  serviceAccountName: svc1
  taskRef:
    name: task-1
status:
  podName: ""
