{
	"kind": "TaskRun",
	"apiVersion": "tekton.dev/v1alpha1",
	"metadata": {
		"generateName": "task-1-run-",
		"namespace": "ns",
		"creationTimestamp": null
	},
	"spec": {
		"serviceAccountName": "svc1",
		"taskRef": {
			"name": "task-1"
		},
		"inputs": {
			"resources": [
				{
					"name": "my-repo",
					"resourceRef": {
						"name": "git-repo"
					}
				}
			],
			"params": [
				{
					"name": "myarg",
					"value": "arg"
				}
			]
		},
		"outputs": {
			"resources": [
				{
					"name": "code-image",
					"resourceRef": {
						"name": "output-image"
					}
				}
			]
		}
	},
	"status": {
		"podName": ""
	}
}
