{
    "kind": "EventListener",
    "apiVersion": "triggers.tekton.dev/v1alpha1",
    "metadata": {
        "name": "el1",
        "namespace": "ns",
        "creationTimestamp": null
    },
    "spec": {
        "serviceAccountName": "",
        "triggers": [
            {
                "bindings": [
                    {
                        "ref": "tb1",
                        "kind": "TriggerBinding"
                    },
                    {
                        "ref": "tb2",
                        "kind": "ClusterTriggerBinding",
                        "apiversion": "v1alpha1"
                    },
                    {
                        "ref": "tb3",
                        "kind": "TriggerBinding",
                        "apiversion": "v1alpha1"
                    }
                ],
                "template": {
                    "name": "tt1",
                    "apiversion": "v1alpha1"
                },
                "name": "foo-trig",
                "interceptors": [
                    {
                        "cel": {
                            "filter": "body.value == 'test'",
                            "overlays": [
                                {
                                    "key": "value",
                                    "expression": "'testing'"
                                }
                            ]
                        }
                    }
                ]
            },
            {
                "bindings": [
                    {
                        "ref": "tb4",
                        "kind": "TriggerBinding"
                    },
                    {
                        "ref": "tb5",
                        "kind": "ClusterTriggerBinding",
                        "apiversion": "v1alpha1"
                    }
                ],
                "template": {
                    "name": "tt2",
                    "apiversion": "v1alpha1"
                },
                "name": "foo-trig",
                "interceptors": [
                    {
                        "webhook": {
                            "objectRef": {
                                "kind": "Service",
                                "namespace": "namespace",
                                "name": "webhookTest",
                                "apiVersion": "v1"
                            }
                        }
                    },
                    {
                        "cel": {
                            "filter": "body.value == 'test'",
                            "overlays": [
                                {
                                    "key": "value",
                                    "expression": "'testing'"
                                }
                            ]
                        }
                    }
                ],
                "serviceAccountName": "sa1"
            }
        ],
        "podTemplate": {},
        "namespaceSelector": {},
        "resources": {}
    },
    "status": {
        "configuration": {
            "generatedName": ""
        }
    }
}
