NAMESPACE   NAME   AGE              URL                                             AVAILABLE
bar         tb0    2 minutes ago    http://tb0-listener.default.svc.cluster.local   True
foo         tb1    2 minutes ago    http://tb1-listener.default.svc.cluster.local   True
foo         tb2    30 seconds ago   http://tb2-listener.default.svc.cluster.local   True
foo         tb3    1 week ago       http://tb3-listener.default.svc.cluster.local   True
foo         tb4    ---              ---                                             ---
foo         tb5    10 seconds ago   ---                                             False
