Name:        el1
Namespace:   ns

EventListenerTriggers

 NAME
 tt1

 BINDINGS

  NAME      VALUE
  binding   somevalue

 TEMPLATE REF   APIVERSION
 someref        v1beta1
 
 TRIGGER REF
 triggeref
 
 SERVICE ACCOUNT NAME
 test-sa
 
 INTERCEPTORS
- ref: {}
  webhook:
    objectRef:
      apiVersion: v1
      kind: Service
      name: testwebhook
      namespace: ns

