apiVersion: tekton.dev/v1alpha1
items:
- metadata:
    creationTimestamp: "1984-04-03T23:59:00Z"
    name: condition1
    namespace: ns
  spec:
    check:
      name: ""
      resources: {}
- metadata:
    creationTimestamp: "1984-04-03T23:59:40Z"
    name: condition2
    namespace: ns
  spec:
    check:
      name: ""
      resources: {}
- metadata:
    creationTimestamp: "1984-03-13T16:00:00Z"
    name: condition3
    namespace: ns
  spec:
    check:
      name: ""
      resources: {}
- metadata:
    creationTimestamp: "1984-03-13T15:00:00Z"
    name: condition4
    namespace: ns
  spec:
    check:
      name: ""
      resources: {}
    description: a test condition
- metadata:
    creationTimestamp: "1984-03-13T14:00:00Z"
    name: condition5
    namespace: ns
  spec:
    check:
      name: ""
      resources: {}
    description: a test condition to check the trimming is working
- metadata:
    creationTimestamp: "1984-03-13T12:00:00Z"
    name: condition6
    namespace: ns
  spec:
    check:
      name: ""
      resources: {}
kind: ConditionList
metadata: {}
