condition1                            1 minute ago
condition2                            20 seconds ago
condition3                            3 weeks ago
condition4   a test condition         3 weeks ago
condition5   a test condition to...   3 weeks ago
condition6                            3 weeks ago
