{
    "kind": "TriggerTemplate",
    "apiVersion": "triggers.tekton.dev/v1beta1",
    "metadata": {
        "name": "tt1",
        "namespace": "ns"
    },
    "spec": {
        "params": [
            {
                "name": "key",
                "description": "test with one param",
                "default": "value"
            }
        ],
        "resourcetemplates": [
            {
                "apiVersion": "tekton.dev/v1beta1",
                "kind": "PipelineRun",
                "metadata": {
                    "creationTimestamp": null,
                    "generateName": "ex2"
                },
                "spec": {},
                "status": {}
            }
        ]
    },
    "status": {}
}
