Name:        tt1
Namespace:   ns

Params

 NAME   TYPE     DESCRIPTION              DEFAULT VALUE
 key1   string   test with multiple ...   value1
 key2   string                            value2
 key3   string                            value3
 key4   string   test with multiple ...   value4

ResourceTemplates

 NAME   GENERATENAME   KIND          APIVERSION
 ex1    ex2            PipelineRun   tekton.dev/v1beta1
