Name:        tt1
Namespace:   ns

Params

 NAME   DESCRIPTION              DEFAULT VALUE
 key1   test with multiple ...   value1
 key2                            value2
 key3                            value3
 key4   test with multiple ...   value4

ResourceTemplates

[
    {
        "kind": "PipelineRun",
        "apiVersion": "tekton.dev/v1beta1",
        "metadata": {
            "creationTimestamp": null
        },
        "spec": {},
        "status": {}
    },
    {
        "kind": "PipelineResource",
        "apiVersion": "tekton.dev/v1alpha1",
        "metadata": {
            "creationTimestamp": null
        },
        "spec": {},
        "status": {}
    }
]
