NAME    STARTED          DURATION   STATUS
cr0-1   ---              ---        Succeeded
cr3-1   ---              ---        Failed
cr4-1   ---              ---        Failed
cr2-2   59 minutes ago   1m0s       Failed
cr1-1   1 hour ago       1m0s       Succeeded
cr2-1   1 hour ago       ---        Running
