Name:           pipeline-run
Namespace:      ns
Pipeline Ref:   pipeline
Timeout:        1h0m0s
Labels:
 tekton.dev/pipeline=pipeline

Status

STARTED          DURATION   STATUS
10 minutes ago   5m0s       Succeeded

Taskruns

 NAME   TASK NAME   STARTED         DURATION   STATUS
 tr-1   t-1         8 minutes ago   3m0s       Succeeded
