Name:              pipeline-run
Namespace:         ns
Pipeline Ref:      pipeline
Service Account:   test-sa
Timeout:           1h0m0s
Labels:
 tekton.dev/pipeline=pipeline

Status

STARTED          DURATION    STATUS
10 minutes ago   5 minutes   ---

Resources

 No resources

Params

 No params

Results

 No results

Workspaces

 No workspaces

Taskruns

 NAME   TASK NAME   STARTED         DURATION    STATUS
 tr-1   t-1         8 minutes ago   3 minutes   ---

Skipped Tasks

 No Skipped Tasks
