CLI for tekton pipelines

Usage:
tkn [flags]
tkn [command]


Available Commands:
  bundle*               Manage Tekton Bundles (experimental)
  chain                 Manage Chains
  clustertask           Manage ClusterTasks
  clustertriggerbinding Manage ClusterTriggerBindings
  customrun             Manage CustomRuns
  eventlistener         Manage EventListeners
  hub                   Interact with tekton hub
  pipeline              Manage pipelines
  pipelinerun           Manage PipelineRuns
  task                  Manage Tasks
  taskrun               Manage TaskRuns
  triggerbinding        Manage TriggerBindings
  triggertemplate       Manage TriggerTemplates

Other Commands:
  completion            Prints shell completion scripts
  version               Prints version information

Available Plugins:
  exec

Flags:
  -h, --help   help for tkn

Use "tkn [command] --help" for more information about a command.
