Name:        tr-2
Namespace:   ns
Task Ref:    t1
Timeout:     1h0m0s

Status

STARTED         DURATION    STATUS
8 minutes ago   ---         Succeeded

Input Resources

 NAME          RESOURCE REF
 git           git
 image-input   image

Output Resources

 NAME            RESOURCE REF
 image-output    image
 image-output2   image

Params

 NAME     VALUE
 input    param
 input2   param2

Steps

 NAME    STATUS
 step3   Completed
 step4   Completed

Sidecars

No sidecars
