[1mName[0m:        tr-2
[1mNamespace[0m:   ns
[1mTask Ref[0m:    t1
[1mTimeout[0m:     1h0m0s

🌡️  [4;1mStatus[0m

STARTED         DURATION    STATUS
8 minutes ago   ---         [92mSucceeded[0m

📨 [4;1mInput Resources[0m

 NAME            RESOURCE REF
 ∙ git           git
 ∙ image-input   image

📡 [4;1mOutput Resources[0m

 NAME              RESOURCE REF
 ∙ image-output    image
 ∙ image-output2   image

⚓ [4;1mParams[0m

 NAME       VALUE
 ∙ input    param
 ∙ input2   param2

🦶 [4;1mSteps[0m

 NAME      STATUS
 ∙ step3   [95mCompleted[0m
 ∙ step4   [95mCompleted[0m
