Name:        tr-1
Namespace:   ns

Status

STARTED         DURATION    STATUS
8 minutes ago   3 minutes   Cancelled(TaskRunCancelled)

Message

TaskRun "tr-1" was cancelled

Input Resources

 No input resources

Output Resources

 No output resources

Params

 No params

Results

 No results

Workspaces

 No workspaces

Steps

No steps

Sidecars

No sidecars
