Name:        tr-1
Namespace:   ns

Status

STARTED         DURATION    STATUS
8 minutes ago   3 minutes   Cancelled(TaskRunCancelled)

Message

TaskRun "tr-1" was cancelled

Input Resources

No resources

Output Resources

No resources

Params

No params

Steps

No steps

Sidecars

No sidecars

Results

 No results
