[1mName[0m:        tr-1
[1mNamespace[0m:   ns
[1mTask Ref[0m:    task-1
[1mLabels[0m:
 tekton.dev/task=task-1

🌡️  [4;1mStatus[0m

STARTED          DURATION    STATUS
10 minutes ago   5m0s        [91mFailed[0m

📝 [4;1mResults[0m

 NAME         VALUE
 ∙ result-1   value-1
 ∙ result-2   value-2

📂 [4;1mWorkspaces[0m

 NAME          SUB PATH   WORKSPACE BINDING
 ∙ test        test       EmptyDir (emptyDir=)
 ∙ configmap   ---        ConfigMap (config=bar)
 ∙ secret      ---        Secret (secret=foobar)
