[1mName[0m:        tr-1
[1mNamespace[0m:   ns
[1mTask Ref[0m:    t1
[1mTimeout[0m:     1h0m0s

🌡️  [4;1mStatus[0m

STARTED         DURATION    STATUS
9 minutes ago   ---         [91mFailed[0m

📨 [4;1mInput Resources[0m

 NAME            RESOURCE REF
 ∙ git           git
 ∙ image-input   image

📡 [4;1mOutput Resources[0m

 NAME              RESOURCE REF
 ∙ image-output    image
 ∙ image-output2   image

⚓ [4;1mParams[0m

 NAME       VALUE
 ∙ input    param
 ∙ input2   param2

🦶 [4;1mSteps[0m

 NAME      STATUS
 ∙ step1   [0mError[0m
 ∙ step2   [0m---[0m

🚗 [4;1mSidecars[0m

 NAME         STATUS
 ∙ sidecar1   [0mError[0m
 ∙ sidecar2   [0m---[0m
