Name:        tr-1
Namespace:   ns
Task Ref:    t1
Timeout:     1h0m0s

Status

STARTED         DURATION    STATUS
9 minutes ago   ---         Running

Params

 NAME     VALUE
 input    param
 input2   param2

Steps

 NAME    STATUS
 step1   Running
 step2   Running

Sidecars

 NAME       STATUS
 sidecar1   Running
 sidecar2   Running
