NAME    STARTED          DURATION   STATUS
tr2-1   1 hour ago       ---        [94mRunning[0m
tr1-1   1 hour ago       1m0s       [92mSucceeded[0m
tr2-2   59 minutes ago   1m0s       [91mFailed[0m
tr4-1   ---              ---        [91mFailed[0m
tr3-1   ---              ---        [91mFailed[0m
tr0-1   ---              ---        [92mSucceeded[0m
