Name:        tr-1
Namespace:   ns
Task Ref:    t1
Timeout:     1h0m0s

Status

STARTED         DURATION    STATUS
9 minutes ago   ---         Running

Input Resources

 NAME          RESOURCE REF
 git           
 image-input   image

Output Resources

 NAME            RESOURCE REF
 image-output    
 image-output2   

Params

 NAME     VALUE
 input    param
 input2   param2

Results

 No results

Workspaces

 No workspaces

Steps

 NAME    STATUS
 step1   Running
 step2   Running

Sidecars

 NAME       STATUS
 sidecar1   Running
 sidecar2   Running
