apiVersion: tekton.dev/v1beta1
kind: PipelineRun
metadata:
  creationTimestamp: null
  generateName: test-pipeline-run-
  labels:
    jemange: desfrites
  namespace: ns
spec:
  params:
  - name: pipeline-param
    value: value1
  pipelineRef:
    name: test-pipeline
  serviceAccountName: svc1
status: {}
