Name:          pipeline
Namespace:     ns
Description:   a test description

Resources

 NAME   TYPE
 name   git

Params

 NAME             TYPE     DESCRIPTION            DEFAULT VALUE
 pipeline-param   string   param of type string   somethingdifferent

Tasks

 NAME   TASKREF   RUNAFTER
 task   taskref   one, two

PipelineRuns

 NAME             STARTED          DURATION     STATUS
 pipeline-run-1   15 minutes ago   10 minutes   Succeeded
