apiVersion: tekton.dev/v1beta1
kind: PipelineRun
metadata:
  creationTimestamp: null
  generateName: test-pipeline-run-
  labels:
    jemange: desfrites
  namespace: ns
spec:
  params:
  - name: pipeline-param
    value: value1
  - name: rev-param
    value: value2
  pipelineRef:
    name: test-pipeline
  podTemplate:
    schedulerName: SchedulerName
    securityContext:
      runAsNonRoot: true
      runAsUser: 1001
  serviceAccountName: svc1
status: {}
