Name:          pipeline
Namespace:     ns
Description:   a test description

Resources

 No resources

Params

 No params

Tasks

 NAME   TASKREF   RUNAFTER
 task   taskref   one, two

PipelineRuns

 NAME             STARTED          DURATION     STATUS
 pipeline-run-1   15 minutes ago   10 minutes   Succeeded
