Name:        pipeline
Namespace:   ns

Resources

 NAME   TYPE
 name   git

Params

 No params

Results

 No results

Workspaces

 No workspaces

Tasks

 NAME     TASKREF   RUNAFTER   TIMEOUT   CONDITIONS   PARAMS
 task-1   task-1               ---       ---          ---
 task-2   task-2               ---       ---          ---

PipelineRuns

 No pipelineruns
