Name:        pipeline
Namespace:   ns

Resources

 NAME   TYPE
 name   git

Params

 NAME             TYPE     DEFAULT VALUE
 pipeline-param   string   somethingdifferent

Tasks

 NAME   TASKREF   RUNAFTER
 task   taskref   one, two

PipelineRuns

 NAME             STARTED          DURATION     STATUS
 pipeline-run-1   15 minutes ago   10 minutes   Succeeded
