Name:        pipeline
Namespace:   ns

Params

 NAME             TYPE     DESCRIPTION   DEFAULT VALUE
 pipeline-param   string                 somethingdifferent
 rev-param        array                  [booms booms booms]
 pipeline-param   string                 ---
 rev-param2       array                  ---

Tasks

 NAME   TASKREF   RUNAFTER   TIMEOUT     PARAMS
 task   taskref   one, two   5 minutes   param: value

PipelineRuns

 NAME             STARTED          DURATION   STATUS
 pipeline-run-1   15 minutes ago   5m0s       Succeeded
