Name:          pipeline
Namespace:     ns
Description:   a test description

Tasks

 NAME   TASKREF   RUNAFTER   TIMEOUT     CONDITIONS   PARAMS
 task   taskref   one, two   5 minutes   ---          task-param: value

PipelineRuns

 NAME             STARTED          DURATION   STATUS
 pipeline-run-1   15 minutes ago   10m0s      Succeeded
