Name:          pipeline
Namespace:     ns
Description:   a test description

Params

 NAME             TYPE     DESCRIPTION            DEFAULT VALUE
 pipeline-param   string   param of type string   somethingdifferent

Tasks

 NAME   TASKREF   RUNAFTER   TIMEOUT     PARAMS
 task   taskref   one, two   5 minutes   task-param: value

PipelineRuns

 NAME             STARTED          DURATION   STATUS
 pipeline-run-1   15 minutes ago   10m0s      Succeeded
