espace-de-nom   bananes    3 weeks ago      ---   ---   ---   ---
espace-de-nom   mangues    20 seconds ago   ---   ---   ---   ---
espace-de-nom   tomates    1 minute ago     ---   ---   ---   ---
namespace       bananas    3 weeks ago      ---   ---   ---   ---
namespace       mangoes    20 seconds ago   ---   ---   ---   ---
namespace       tomatoes   1 minute ago     ---   ---   ---   ---
