apiVersion: tekton.dev/v1beta1
kind: PipelineRun
metadata:
  creationTimestamp: null
  generateName: test-pipeline-run-
  labels:
    jemange: desfrites
  namespace: ns
spec:
  params:
  - name: pipeline-param
    value: value1
  - name: rev-param
    value: value2
  pipelineRef:
    name: test-pipeline
  serviceAccountName: svc1
  timeouts:
    finally: 1s
    pipeline: 3s
    tasks: 1s
status: {}
