Command "describe" is deprecated, PipelineResource commands are deprecated, they will be removed soon as it get removed from API.
Name:                    test-1
Namespace:               test-ns-1
PipelineResource Type:   image
Description:             a test description

Params

 NAME   VALUE
 URL    quay.io/tekton/controller
