Command "list" is deprecated, PipelineResource commands are deprecated, they will be removed soon as it get removed from API.
NAMESPACE   NAME     TYPE    DETAILS
test-ns-1   test     git     url: git@github.com:tektoncd/cli-new.git
test-ns-1   test-2   git     url: git@github.com:tektoncd/cli.git
test-ns-1   test-1   image   URL: quey.io/tekton/controller
test-ns-1   test-3   image   ---
test-ns-2   test-4   image   URL: quey.io/tekton/webhook
